// Jest Snapshot v1, https://goo.gl/fbAQLP

exports[`ResultPanel should match snapshot 1`] = `
<WithStyles(ForwardRef(Card))
  className="results-result-panel-non-expandable"
>
  <ResultHeader
    className=""
    marks="0/100"
    pending={false}
    size="medium"
    title="Some Title"
  />
</WithStyles(ForwardRef(Card))>
`;
