// Jest Snapshot v1, https://goo.gl/fbAQLP

exports[`Title should match snapshot 1`] = `
<div
  className="text-center"
>
  <h1>
    Test Results
  </h1>
  <WithStyles(ForwardRef(Divider))
    className="mt-3 mb-5"
  />
</div>
`;
