// Jest Snapshot v1, https://goo.gl/fbAQLP

exports[`UserMenu should match snapshot 1`] = `
<div>
  <div
    className="user-menu"
    onClick={[Function]}
    onKeyDown={[Function]}
    role="menuitem"
    tabIndex={0}
  >
    <h2
      className="display-name"
    />
  </div>
</div>
`;
