// Jest Snapshot v1, https://goo.gl/fbAQLP

exports[`should match snapshot 1`] = `
<h5
  className="text-center my-5"
>
  An unexpected error has occured.
</h5>
`;
