// Jest Snapshot v1, https://goo.gl/fbAQLP

exports[`should match snapshot 1`] = `
<div
  className="my-5 text-center"
>
  <span
    aria-labelledby="question"
    role="img"
  >
    ❓
  </span>
  404 Page Not Found
  <span
    aria-labelledby="question"
    role="img"
  >
    ❓
  </span>
</div>
`;
