// Jest Snapshot v1, https://goo.gl/fbAQLP

exports[`should match snapshot 1`] = `
<div
  className="my-5 text-center"
>
  <span
    aria-labelledby="under-construction"
    role="img"
  >
    ðŸš§
  </span>
  Implementation in progress
  <span
    aria-labelledby="under-construction"
    role="img"
  >
    ðŸš§
  </span>
</div>
`;
