// Jest Snapshot v1, https://goo.gl/fbAQLP

exports[`should match snapshot 1`] = `
<div
  className="my-5 text-center"
>
  <span
    aria-labelledby="block"
    role="img"
  >
    ðŸš«
  </span>
  403 Permission Denied
  <span
    aria-labelledby="block"
    role="img"
  >
    ðŸš«
  </span>
</div>
`;
