// Jest Snapshot v1, https://goo.gl/fbAQLP

exports[`image should match snapshot 1`] = `
<Layout
  className=""
  error={false}
  linearProgress={false}
  loading={false}
  unmountOnLoad={false}
>
  <img
    alt=""
    className="scale-down"
    src={null}
  />
</Layout>
`;
