// Jest Snapshot v1, https://goo.gl/fbAQLP

exports[`RawField should match snapshot 1`] = `
<div
  className="w-90"
>
  <div>
    Test
  </div>
</div>
`;
