// Jest Snapshot v1, https://goo.gl/fbAQLP

exports[`TestControl should match snapshot 1`] = `
<div
  className="test-controls"
>
  <WithStyles(ForwardRef(Button))
    className="test-controls-previous-btn"
    color="primary"
    disabled={false}
    onClick={[MockFunction]}
  >
    Previous
  </WithStyles(ForwardRef(Button))>
  <WithStyles(ForwardRef(Button))
    className="test-controls-next-btn"
    color="primary"
    disabled={false}
    onClick={[MockFunction]}
  >
    Next
  </WithStyles(ForwardRef(Button))>
</div>
`;
